// Jest Snapshot v1, https://goo.gl/fbAQLP

exports[`renders correctly 1`] = `
<View
  style={
    Object {
      "backgroundColor": "white",
      "elevation": 5,
    }
  }
>
  <View
    style={
      Object {
        "marginVertical": 10,
        "width": "85%",
      }
    }
  >
    <Text />
    <View
      style={
        Object {
          "borderBottomColor": "#000000",
          "borderBottomWidth": 1,
        }
      }
    >
      <TextInput
        allowFontScaling={true}
        rejectResponderTermination={true}
        underlineColorAndroid="transparent"
      />
    </View>
    <View
      style={
        Object {
          "marginVertical": 5,
        }
      }
    />
  </View>
</View>
`;
