// Jest Snapshot v1, https://goo.gl/fbAQLP

exports[`rederizando o componente item 1`] = `
<View
  style={
    Object {
      "backgroundColor": "white",
      "borderRadius": 10,
      "elevation": 5,
      "height": 250,
      "margin": 20,
    }
  }
>
  <View
    accessible={true}
    focusable={true}
    isTVSelectable={true}
    onClick={[Function]}
    onResponderGrant={[Function]}
    onResponderMove={[Function]}
    onResponderRelease={[Function]}
    onResponderTerminate={[Function]}
    onResponderTerminationRequest={[Function]}
    onStartShouldSetResponder={[Function]}
    style={
      Object {
        "borderRadius": 10,
        "opacity": 1,
        "overflow": "hidden",
        "paddingBottom": 5,
      }
    }
  >
    <View
      style={
        Object {
          "borderTopLeftRadius": 10,
          "borderTopRightRadius": 10,
          "height": "60%",
          "overflow": "hidden",
          "width": "100%",
        }
      }
    >
      <Image
        source={
          Object {
            "uri": undefined,
          }
        }
        style={
          Object {
            "height": "100%",
            "width": "100%",
          }
        }
      />
    </View>
    <View
      style={
        Object {
          "alignItems": "center",
          "height": "17%",
          "padding": 10,
        }
      }
    >
      <Text
        style={
          Object {
            "fontFamily": "exo2-bold",
            "fontSize": 17,
            "marginVertical": 2,
          }
        }
      />
      <Text
        style={
          Object {
            "fontFamily": "exo2-italic",
          }
        }
      >
        <Text>
          Quantidade:
        </Text>
      </Text>
    </View>
    <View
      style={
        Object {
          "alignItems": "center",
          "flexDirection": "row",
          "height": "23%",
          "justifyContent": "center",
          "marginTop": 5,
          "paddingHorizontal": 20,
        }
      }
    >
      <View
        accessibilityRole="button"
        accessibilityStates={Array []}
        accessible={true}
        focusable={true}
        isTVSelectable={true}
        onClick={[Function]}
        onResponderGrant={[Function]}
        onResponderMove={[Function]}
        onResponderRelease={[Function]}
        onResponderTerminate={[Function]}
        onResponderTerminationRequest={[Function]}
        onStartShouldSetResponder={[Function]}
        style={
          Object {
            "opacity": 1,
          }
        }
      >
        <View
          style={
            Array [
              Object {},
            ]
          }
        >
          <Text
            style={
              Array [
                Object {
                  "color": "#007AFF",
                  "fontSize": 18,
                  "padding": 8,
                  "textAlign": "center",
                },
                Object {
                  "color": "#5203fc",
                },
              ]
            }
          >
            Ver
          </Text>
        </View>
      </View>
    </View>
  </View>
</View>
`;
